// Jest Snapshot v1, https://goo.gl/fbAQLP

exports[`HomePage Component expect to render HomePage component 1`] = `
<AppProvider>
  <div
    className="container"
    data-testid="container"
  >
    <Summary />
    <ChartWeather />
  </div>
</AppProvider>
`;
