// Jest Snapshot v1, https://goo.gl/fbAQLP

exports[`Header Component test expect to render Header component 1`] = `
Object {
  "asFragment": [Function],
  "baseElement": <body>
    <div>
       
      <div
        class="header"
      >
        <div
          class="burger"
        >
          <span />
          <span />
          <span />
        </div>
        <div
          class="title"
        >
          <div
            role="myENV-test"
          >
            myENV
          </div>
          <div
            class="list-city"
          >
            <span
              class="city-name"
            >
              Singapore
            </span>
            <i
              class="fal fa-angle-down fa-lg"
            />
          </div>
          <div
            class="dropdown "
          >
            <div
              class="option"
            >
              Ho Chi Minh
            </div>
            <div
              class="option"
            >
              Vinh
            </div>
            <div
              class="option"
            >
              Singapore
            </div>
          </div>
        </div>
        <div>
          <i
            class="fas fa-bell fa-2x"
          />
        </div>
      </div>
       
    </div>
  </body>,
  "container": <div>
     
    <div
      class="header"
    >
      <div
        class="burger"
      >
        <span />
        <span />
        <span />
      </div>
      <div
        class="title"
      >
        <div
          role="myENV-test"
        >
          myENV
        </div>
        <div
          class="list-city"
        >
          <span
            class="city-name"
          >
            Singapore
          </span>
          <i
            class="fal fa-angle-down fa-lg"
          />
        </div>
        <div
          class="dropdown "
        >
          <div
            class="option"
          >
            Ho Chi Minh
          </div>
          <div
            class="option"
          >
            Vinh
          </div>
          <div
            class="option"
          >
            Singapore
          </div>
        </div>
      </div>
      <div>
        <i
          class="fas fa-bell fa-2x"
        />
      </div>
    </div>
     
  </div>,
  "debug": [Function],
  "findAllByAltText": [Function],
  "findAllByDisplayValue": [Function],
  "findAllByLabelText": [Function],
  "findAllByPlaceholderText": [Function],
  "findAllByRole": [Function],
  "findAllByTestId": [Function],
  "findAllByText": [Function],
  "findAllByTitle": [Function],
  "findByAltText": [Function],
  "findByDisplayValue": [Function],
  "findByLabelText": [Function],
  "findByPlaceholderText": [Function],
  "findByRole": [Function],
  "findByTestId": [Function],
  "findByText": [Function],
  "findByTitle": [Function],
  "getAllByAltText": [Function],
  "getAllByDisplayValue": [Function],
  "getAllByLabelText": [Function],
  "getAllByPlaceholderText": [Function],
  "getAllByRole": [Function],
  "getAllByTestId": [Function],
  "getAllByText": [Function],
  "getAllByTitle": [Function],
  "getByAltText": [Function],
  "getByDisplayValue": [Function],
  "getByLabelText": [Function],
  "getByPlaceholderText": [Function],
  "getByRole": [Function],
  "getByTestId": [Function],
  "getByText": [Function],
  "getByTitle": [Function],
  "queryAllByAltText": [Function],
  "queryAllByDisplayValue": [Function],
  "queryAllByLabelText": [Function],
  "queryAllByPlaceholderText": [Function],
  "queryAllByRole": [Function],
  "queryAllByTestId": [Function],
  "queryAllByText": [Function],
  "queryAllByTitle": [Function],
  "queryByAltText": [Function],
  "queryByDisplayValue": [Function],
  "queryByLabelText": [Function],
  "queryByPlaceholderText": [Function],
  "queryByRole": [Function],
  "queryByTestId": [Function],
  "queryByText": [Function],
  "queryByTitle": [Function],
  "rerender": [Function],
  "unmount": [Function],
}
`;
